
AVRASM ver. 2.1.30  E:\Documents\cavr\ldr\Debug\List\ldr.asm Mon Jan 09 11:04:38 2023

E:\Documents\cavr\ldr\Debug\List\ldr.asm(1088): warning: Register r4 already defined by the .DEF directive
E:\Documents\cavr\ldr\Debug\List\ldr.asm(1089): warning: Register r5 already defined by the .DEF directive
E:\Documents\cavr\ldr\Debug\List\ldr.asm(1090): warning: Register r7 already defined by the .DEF directive
E:\Documents\cavr\ldr\Debug\List\ldr.asm(1091): warning: Register r6 already defined by the .DEF directive
E:\Documents\cavr\ldr\Debug\List\ldr.asm(1092): warning: Register r9 already defined by the .DEF directive
                 
                 
                 ;CodeVisionAVR C Compiler V3.12 Advanced
                 ;(C) Copyright 1998-2014 Pavel Haiduc, HP InfoTech s.r.l.
                 ;http://www.hpinfotech.com
                 
                 ;Build configuration    : Debug
                 ;Chip type              : ATmega32
                 ;Program type           : Application
                 ;Clock frequency        : 1.000000 MHz
                 ;Memory model           : Small
                 ;Optimize for           : Size
                 ;(s)printf features     : int, width
                 ;(s)scanf features      : int, width
                 ;External RAM size      : 0
                 ;Data Stack size        : 512 byte(s)
                 ;Heap size              : 0 byte(s)
                 ;Promote 'char' to 'int': Yes
                 ;'char' is unsigned     : Yes
                 ;8 bit enums            : Yes
                 ;Global 'const' stored in FLASH: Yes
                 ;Enhanced function parameter passing: Yes
                 ;Enhanced core instructions: On
                 ;Automatic register allocation for global variables: On
                 ;Smart register allocation: On
                 
                 	#define _MODEL_SMALL_
                 
                 	#pragma AVRPART ADMIN PART_NAME ATmega32
                 	#pragma AVRPART MEMORY PROG_FLASH 32768
                 	#pragma AVRPART MEMORY EEPROM 1024
                 	#pragma AVRPART MEMORY INT_SRAM SIZE 2048
                 	#pragma AVRPART MEMORY INT_SRAM START_ADDR 0x60
                 
                 	#define CALL_SUPPORTED 1
                 
                 	.LISTMAC
                 	.EQU UDRE=0x5
                 	.EQU RXC=0x7
                 	.EQU USR=0xB
                 	.EQU UDR=0xC
                 	.EQU SPSR=0xE
                 	.EQU SPDR=0xF
                 	.EQU EERE=0x0
                 	.EQU EEWE=0x1
                 	.EQU EEMWE=0x2
                 	.EQU EECR=0x1C
                 	.EQU EEDR=0x1D
                 	.EQU EEARL=0x1E
                 	.EQU EEARH=0x1F
                 	.EQU WDTCR=0x21
                 	.EQU MCUCR=0x35
                 	.EQU GICR=0x3B
                 	.EQU SPL=0x3D
                 	.EQU SPH=0x3E
                 	.EQU SREG=0x3F
                 
                 	.DEF R0X0=R0
                 	.DEF R0X1=R1
                 	.DEF R0X2=R2
                 	.DEF R0X3=R3
                 	.DEF R0X4=R4
                 	.DEF R0X5=R5
                 	.DEF R0X6=R6
                 	.DEF R0X7=R7
                 	.DEF R0X8=R8
                 	.DEF R0X9=R9
                 	.DEF R0XA=R10
                 	.DEF R0XB=R11
                 	.DEF R0XC=R12
                 	.DEF R0XD=R13
                 	.DEF R0XE=R14
                 	.DEF R0XF=R15
                 	.DEF R0X10=R16
                 	.DEF R0X11=R17
                 	.DEF R0X12=R18
                 	.DEF R0X13=R19
                 	.DEF R0X14=R20
                 	.DEF R0X15=R21
                 	.DEF R0X16=R22
                 	.DEF R0X17=R23
                 	.DEF R0X18=R24
                 	.DEF R0X19=R25
                 	.DEF R0X1A=R26
                 	.DEF R0X1B=R27
                 	.DEF R0X1C=R28
                 	.DEF R0X1D=R29
                 	.DEF R0X1E=R30
                 	.DEF R0X1F=R31
                 
                 	.EQU __SRAM_START=0x0060
                 	.EQU __SRAM_END=0x085F
                 	.EQU __DSTACK_SIZE=0x0200
                 	.EQU __HEAP_SIZE=0x0000
                 	.EQU __CLEAR_SRAM_SIZE=__SRAM_END-__SRAM_START+1
                 
                 	.MACRO __CPD1N
                 	CPI  R30,LOW(@0)
                 	LDI  R26,HIGH(@0)
                 	CPC  R31,R26
                 	LDI  R26,BYTE3(@0)
                 	CPC  R22,R26
                 	LDI  R26,BYTE4(@0)
                 	CPC  R23,R26
                 	.ENDM
                 
                 	.MACRO __CPD2N
                 	CPI  R26,LOW(@0)
                 	LDI  R30,HIGH(@0)
                 	CPC  R27,R30
                 	LDI  R30,BYTE3(@0)
                 	CPC  R24,R30
                 	LDI  R30,BYTE4(@0)
                 	CPC  R25,R30
                 	.ENDM
                 
                 	.MACRO __CPWRR
                 	CP   R@0,R@2
                 	CPC  R@1,R@3
                 	.ENDM
                 
                 	.MACRO __CPWRN
                 	CPI  R@0,LOW(@2)
                 	LDI  R30,HIGH(@2)
                 	CPC  R@1,R30
                 	.ENDM
                 
                 	.MACRO __ADDB1MN
                 	SUBI R30,LOW(-@0-(@1))
                 	.ENDM
                 
                 	.MACRO __ADDB2MN
                 	SUBI R26,LOW(-@0-(@1))
                 	.ENDM
                 
                 	.MACRO __ADDW1MN
                 	SUBI R30,LOW(-@0-(@1))
                 	SBCI R31,HIGH(-@0-(@1))
                 	.ENDM
                 
                 	.MACRO __ADDW2MN
                 	SUBI R26,LOW(-@0-(@1))
                 	SBCI R27,HIGH(-@0-(@1))
                 	.ENDM
                 
                 	.MACRO __ADDW1FN
                 	SUBI R30,LOW(-2*@0-(@1))
                 	SBCI R31,HIGH(-2*@0-(@1))
                 	.ENDM
                 
                 	.MACRO __ADDD1FN
                 	SUBI R30,LOW(-2*@0-(@1))
                 	SBCI R31,HIGH(-2*@0-(@1))
                 	SBCI R22,BYTE3(-2*@0-(@1))
                 	.ENDM
                 
                 	.MACRO __ADDD1N
                 	SUBI R30,LOW(-@0)
                 	SBCI R31,HIGH(-@0)
                 	SBCI R22,BYTE3(-@0)
                 	SBCI R23,BYTE4(-@0)
                 	.ENDM
                 
                 	.MACRO __ADDD2N
                 	SUBI R26,LOW(-@0)
                 	SBCI R27,HIGH(-@0)
                 	SBCI R24,BYTE3(-@0)
                 	SBCI R25,BYTE4(-@0)
                 	.ENDM
                 
                 	.MACRO __SUBD1N
                 	SUBI R30,LOW(@0)
                 	SBCI R31,HIGH(@0)
                 	SBCI R22,BYTE3(@0)
                 	SBCI R23,BYTE4(@0)
                 	.ENDM
                 
                 	.MACRO __SUBD2N
                 	SUBI R26,LOW(@0)
                 	SBCI R27,HIGH(@0)
                 	SBCI R24,BYTE3(@0)
                 	SBCI R25,BYTE4(@0)
                 	.ENDM
                 
                 	.MACRO __ANDBMNN
                 	LDS  R30,@0+(@1)
                 	ANDI R30,LOW(@2)
                 	STS  @0+(@1),R30
                 	.ENDM
                 
                 	.MACRO __ANDWMNN
                 	LDS  R30,@0+(@1)
                 	ANDI R30,LOW(@2)
                 	STS  @0+(@1),R30
                 	LDS  R30,@0+(@1)+1
                 	ANDI R30,HIGH(@2)
                 	STS  @0+(@1)+1,R30
                 	.ENDM
                 
                 	.MACRO __ANDD1N
                 	ANDI R30,LOW(@0)
                 	ANDI R31,HIGH(@0)
                 	ANDI R22,BYTE3(@0)
                 	ANDI R23,BYTE4(@0)
                 	.ENDM
                 
                 	.MACRO __ANDD2N
                 	ANDI R26,LOW(@0)
                 	ANDI R27,HIGH(@0)
                 	ANDI R24,BYTE3(@0)
                 	ANDI R25,BYTE4(@0)
                 	.ENDM
                 
                 	.MACRO __ORBMNN
                 	LDS  R30,@0+(@1)
                 	ORI  R30,LOW(@2)
                 	STS  @0+(@1),R30
                 	.ENDM
                 
                 	.MACRO __ORWMNN
                 	LDS  R30,@0+(@1)
                 	ORI  R30,LOW(@2)
                 	STS  @0+(@1),R30
                 	LDS  R30,@0+(@1)+1
                 	ORI  R30,HIGH(@2)
                 	STS  @0+(@1)+1,R30
                 	.ENDM
                 
                 	.MACRO __ORD1N
                 	ORI  R30,LOW(@0)
                 	ORI  R31,HIGH(@0)
                 	ORI  R22,BYTE3(@0)
                 	ORI  R23,BYTE4(@0)
                 	.ENDM
                 
                 	.MACRO __ORD2N
                 	ORI  R26,LOW(@0)
                 	ORI  R27,HIGH(@0)
                 	ORI  R24,BYTE3(@0)
                 	ORI  R25,BYTE4(@0)
                 	.ENDM
                 
                 	.MACRO __DELAY_USB
                 	LDI  R24,LOW(@0)
                 __DELAY_USB_LOOP:
                 	DEC  R24
                 	BRNE __DELAY_USB_LOOP
                 	.ENDM
                 
                 	.MACRO __DELAY_USW
                 	LDI  R24,LOW(@0)
                 	LDI  R25,HIGH(@0)
                 __DELAY_USW_LOOP:
                 	SBIW R24,1
                 	BRNE __DELAY_USW_LOOP
                 	.ENDM
                 
                 	.MACRO __GETD1S
                 	LDD  R30,Y+@0
                 	LDD  R31,Y+@0+1
                 	LDD  R22,Y+@0+2
                 	LDD  R23,Y+@0+3
                 	.ENDM
                 
                 	.MACRO __GETD2S
                 	LDD  R26,Y+@0
                 	LDD  R27,Y+@0+1
                 	LDD  R24,Y+@0+2
                 	LDD  R25,Y+@0+3
                 	.ENDM
                 
                 	.MACRO __PUTD1S
                 	STD  Y+@0,R30
                 	STD  Y+@0+1,R31
                 	STD  Y+@0+2,R22
                 	STD  Y+@0+3,R23
                 	.ENDM
                 
                 	.MACRO __PUTD2S
                 	STD  Y+@0,R26
                 	STD  Y+@0+1,R27
                 	STD  Y+@0+2,R24
                 	STD  Y+@0+3,R25
                 	.ENDM
                 
                 	.MACRO __PUTDZ2
                 	STD  Z+@0,R26
                 	STD  Z+@0+1,R27
                 	STD  Z+@0+2,R24
                 	STD  Z+@0+3,R25
                 	.ENDM
                 
                 	.MACRO __CLRD1S
                 	STD  Y+@0,R30
                 	STD  Y+@0+1,R30
                 	STD  Y+@0+2,R30
                 	STD  Y+@0+3,R30
                 	.ENDM
                 
                 	.MACRO __POINTB1MN
                 	LDI  R30,LOW(@0+(@1))
                 	.ENDM
                 
                 	.MACRO __POINTW1MN
                 	LDI  R30,LOW(@0+(@1))
                 	LDI  R31,HIGH(@0+(@1))
                 	.ENDM
                 
                 	.MACRO __POINTD1M
                 	LDI  R30,LOW(@0)
                 	LDI  R31,HIGH(@0)
                 	LDI  R22,BYTE3(@0)
                 	LDI  R23,BYTE4(@0)
                 	.ENDM
                 
                 	.MACRO __POINTW1FN
                 	LDI  R30,LOW(2*@0+(@1))
                 	LDI  R31,HIGH(2*@0+(@1))
                 	.ENDM
                 
                 	.MACRO __POINTD1FN
                 	LDI  R30,LOW(2*@0+(@1))
                 	LDI  R31,HIGH(2*@0+(@1))
                 	LDI  R22,BYTE3(2*@0+(@1))
                 	LDI  R23,BYTE4(2*@0+(@1))
                 	.ENDM
                 
                 	.MACRO __POINTB2MN
                 	LDI  R26,LOW(@0+(@1))
                 	.ENDM
                 
                 	.MACRO __POINTW2MN
                 	LDI  R26,LOW(@0+(@1))
                 	LDI  R27,HIGH(@0+(@1))
                 	.ENDM
                 
                 	.MACRO __POINTW2FN
                 	LDI  R26,LOW(2*@0+(@1))
                 	LDI  R27,HIGH(2*@0+(@1))
                 	.ENDM
                 
                 	.MACRO __POINTD2FN
                 	LDI  R26,LOW(2*@0+(@1))
                 	LDI  R27,HIGH(2*@0+(@1))
                 	LDI  R24,BYTE3(2*@0+(@1))
                 	LDI  R25,BYTE4(2*@0+(@1))
                 	.ENDM
                 
                 	.MACRO __POINTBRM
                 	LDI  R@0,LOW(@1)
                 	.ENDM
                 
                 	.MACRO __POINTWRM
                 	LDI  R@0,LOW(@2)
                 	LDI  R@1,HIGH(@2)
                 	.ENDM
                 
                 	.MACRO __POINTBRMN
                 	LDI  R@0,LOW(@1+(@2))
                 	.ENDM
                 
                 	.MACRO __POINTWRMN
                 	LDI  R@0,LOW(@2+(@3))
                 	LDI  R@1,HIGH(@2+(@3))
                 	.ENDM
                 
                 	.MACRO __POINTWRFN
                 	LDI  R@0,LOW(@2*2+(@3))
                 	LDI  R@1,HIGH(@2*2+(@3))
                 	.ENDM
                 
                 	.MACRO __GETD1N
                 	LDI  R30,LOW(@0)
                 	LDI  R31,HIGH(@0)
                 	LDI  R22,BYTE3(@0)
                 	LDI  R23,BYTE4(@0)
                 	.ENDM
                 
                 	.MACRO __GETD2N
                 	LDI  R26,LOW(@0)
                 	LDI  R27,HIGH(@0)
                 	LDI  R24,BYTE3(@0)
                 	LDI  R25,BYTE4(@0)
                 	.ENDM
                 
                 	.MACRO __GETB1MN
                 	LDS  R30,@0+(@1)
                 	.ENDM
                 
                 	.MACRO __GETB1HMN
                 	LDS  R31,@0+(@1)
                 	.ENDM
                 
                 	.MACRO __GETW1MN
                 	LDS  R30,@0+(@1)
                 	LDS  R31,@0+(@1)+1
                 	.ENDM
                 
                 	.MACRO __GETD1MN
                 	LDS  R30,@0+(@1)
                 	LDS  R31,@0+(@1)+1
                 	LDS  R22,@0+(@1)+2
                 	LDS  R23,@0+(@1)+3
                 	.ENDM
                 
                 	.MACRO __GETBRMN
                 	LDS  R@0,@1+(@2)
                 	.ENDM
                 
                 	.MACRO __GETWRMN
                 	LDS  R@0,@2+(@3)
                 	LDS  R@1,@2+(@3)+1
                 	.ENDM
                 
                 	.MACRO __GETWRZ
                 	LDD  R@0,Z+@2
                 	LDD  R@1,Z+@2+1
                 	.ENDM
                 
                 	.MACRO __GETD2Z
                 	LDD  R26,Z+@0
                 	LDD  R27,Z+@0+1
                 	LDD  R24,Z+@0+2
                 	LDD  R25,Z+@0+3
                 	.ENDM
                 
                 	.MACRO __GETB2MN
                 	LDS  R26,@0+(@1)
                 	.ENDM
                 
                 	.MACRO __GETW2MN
                 	LDS  R26,@0+(@1)
                 	LDS  R27,@0+(@1)+1
                 	.ENDM
                 
                 	.MACRO __GETD2MN
                 	LDS  R26,@0+(@1)
                 	LDS  R27,@0+(@1)+1
                 	LDS  R24,@0+(@1)+2
                 	LDS  R25,@0+(@1)+3
                 	.ENDM
                 
                 	.MACRO __PUTB1MN
                 	STS  @0+(@1),R30
                 	.ENDM
                 
                 	.MACRO __PUTW1MN
                 	STS  @0+(@1),R30
                 	STS  @0+(@1)+1,R31
                 	.ENDM
                 
                 	.MACRO __PUTD1MN
                 	STS  @0+(@1),R30
                 	STS  @0+(@1)+1,R31
                 	STS  @0+(@1)+2,R22
                 	STS  @0+(@1)+3,R23
                 	.ENDM
                 
                 	.MACRO __PUTB1EN
                 	LDI  R26,LOW(@0+(@1))
                 	LDI  R27,HIGH(@0+(@1))
                 	CALL __EEPROMWRB
                 	.ENDM
                 
                 	.MACRO __PUTW1EN
                 	LDI  R26,LOW(@0+(@1))
                 	LDI  R27,HIGH(@0+(@1))
                 	CALL __EEPROMWRW
                 	.ENDM
                 
                 	.MACRO __PUTD1EN
                 	LDI  R26,LOW(@0+(@1))
                 	LDI  R27,HIGH(@0+(@1))
                 	CALL __EEPROMWRD
                 	.ENDM
                 
                 	.MACRO __PUTBR0MN
                 	STS  @0+(@1),R0
                 	.ENDM
                 
                 	.MACRO __PUTBMRN
                 	STS  @0+(@1),R@2
                 	.ENDM
                 
                 	.MACRO __PUTWMRN
                 	STS  @0+(@1),R@2
                 	STS  @0+(@1)+1,R@3
                 	.ENDM
                 
                 	.MACRO __PUTBZR
                 	STD  Z+@1,R@0
                 	.ENDM
                 
                 	.MACRO __PUTWZR
                 	STD  Z+@2,R@0
                 	STD  Z+@2+1,R@1
                 	.ENDM
                 
                 	.MACRO __GETW1R
                 	MOV  R30,R@0
                 	MOV  R31,R@1
                 	.ENDM
                 
                 	.MACRO __GETW2R
                 	MOV  R26,R@0
                 	MOV  R27,R@1
                 	.ENDM
                 
                 	.MACRO __GETWRN
                 	LDI  R@0,LOW(@2)
                 	LDI  R@1,HIGH(@2)
                 	.ENDM
                 
                 	.MACRO __PUTW1R
                 	MOV  R@0,R30
                 	MOV  R@1,R31
                 	.ENDM
                 
                 	.MACRO __PUTW2R
                 	MOV  R@0,R26
                 	MOV  R@1,R27
                 	.ENDM
                 
                 	.MACRO __ADDWRN
                 	SUBI R@0,LOW(-@2)
                 	SBCI R@1,HIGH(-@2)
                 	.ENDM
                 
                 	.MACRO __ADDWRR
                 	ADD  R@0,R@2
                 	ADC  R@1,R@3
                 	.ENDM
                 
                 	.MACRO __SUBWRN
                 	SUBI R@0,LOW(@2)
                 	SBCI R@1,HIGH(@2)
                 	.ENDM
                 
                 	.MACRO __SUBWRR
                 	SUB  R@0,R@2
                 	SBC  R@1,R@3
                 	.ENDM
                 
                 	.MACRO __ANDWRN
                 	ANDI R@0,LOW(@2)
                 	ANDI R@1,HIGH(@2)
                 	.ENDM
                 
                 	.MACRO __ANDWRR
                 	AND  R@0,R@2
                 	AND  R@1,R@3
                 	.ENDM
                 
                 	.MACRO __ORWRN
                 	ORI  R@0,LOW(@2)
                 	ORI  R@1,HIGH(@2)
                 	.ENDM
                 
                 	.MACRO __ORWRR
                 	OR   R@0,R@2
                 	OR   R@1,R@3
                 	.ENDM
                 
                 	.MACRO __EORWRR
                 	EOR  R@0,R@2
                 	EOR  R@1,R@3
                 	.ENDM
                 
                 	.MACRO __GETWRS
                 	LDD  R@0,Y+@2
                 	LDD  R@1,Y+@2+1
                 	.ENDM
                 
                 	.MACRO __PUTBSR
                 	STD  Y+@1,R@0
                 	.ENDM
                 
                 	.MACRO __PUTWSR
                 	STD  Y+@2,R@0
                 	STD  Y+@2+1,R@1
                 	.ENDM
                 
                 	.MACRO __MOVEWRR
                 	MOV  R@0,R@2
                 	MOV  R@1,R@3
                 	.ENDM
                 
                 	.MACRO __INWR
                 	IN   R@0,@2
                 	IN   R@1,@2+1
                 	.ENDM
                 
                 	.MACRO __OUTWR
                 	OUT  @2+1,R@1
                 	OUT  @2,R@0
                 	.ENDM
                 
                 	.MACRO __CALL1MN
                 	LDS  R30,@0+(@1)
                 	LDS  R31,@0+(@1)+1
                 	ICALL
                 	.ENDM
                 
                 	.MACRO __CALL1FN
                 	LDI  R30,LOW(2*@0+(@1))
                 	LDI  R31,HIGH(2*@0+(@1))
                 	CALL __GETW1PF
                 	ICALL
                 	.ENDM
                 
                 	.MACRO __CALL2EN
                 	PUSH R26
                 	PUSH R27
                 	LDI  R26,LOW(@0+(@1))
                 	LDI  R27,HIGH(@0+(@1))
                 	CALL __EEPROMRDW
                 	POP  R27
                 	POP  R26
                 	ICALL
                 	.ENDM
                 
                 	.MACRO __CALL2EX
                 	SUBI R26,LOW(-@0)
                 	SBCI R27,HIGH(-@0)
                 	CALL __EEPROMRDD
                 	ICALL
                 	.ENDM
                 
                 	.MACRO __GETW1STACK
                 	IN   R30,SPL
                 	IN   R31,SPH
                 	ADIW R30,@0+1
                 	LD   R0,Z+
                 	LD   R31,Z
                 	MOV  R30,R0
                 	.ENDM
                 
                 	.MACRO __GETD1STACK
                 	IN   R30,SPL
                 	IN   R31,SPH
                 	ADIW R30,@0+1
                 	LD   R0,Z+
                 	LD   R1,Z+
                 	LD   R22,Z
                 	MOVW R30,R0
                 	.ENDM
                 
                 	.MACRO __NBST
                 	BST  R@0,@1
                 	IN   R30,SREG
                 	LDI  R31,0x40
                 	EOR  R30,R31
                 	OUT  SREG,R30
                 	.ENDM
                 
                 
                 	.MACRO __PUTB1SN
                 	LDD  R26,Y+@0
                 	LDD  R27,Y+@0+1
                 	SUBI R26,LOW(-@1)
                 	SBCI R27,HIGH(-@1)
                 	ST   X,R30
                 	.ENDM
                 
                 	.MACRO __PUTW1SN
                 	LDD  R26,Y+@0
                 	LDD  R27,Y+@0+1
                 	SUBI R26,LOW(-@1)
                 	SBCI R27,HIGH(-@1)
                 	ST   X+,R30
                 	ST   X,R31
                 	.ENDM
                 
                 	.MACRO __PUTD1SN
                 	LDD  R26,Y+@0
                 	LDD  R27,Y+@0+1
                 	SUBI R26,LOW(-@1)
                 	SBCI R27,HIGH(-@1)
                 	CALL __PUTDP1
                 	.ENDM
                 
                 	.MACRO __PUTB1SNS
                 	LDD  R26,Y+@0
                 	LDD  R27,Y+@0+1
                 	ADIW R26,@1
                 	ST   X,R30
                 	.ENDM
                 
                 	.MACRO __PUTW1SNS
                 	LDD  R26,Y+@0
                 	LDD  R27,Y+@0+1
                 	ADIW R26,@1
                 	ST   X+,R30
                 	ST   X,R31
                 	.ENDM
                 
                 	.MACRO __PUTD1SNS
                 	LDD  R26,Y+@0
                 	LDD  R27,Y+@0+1
                 	ADIW R26,@1
                 	CALL __PUTDP1
                 	.ENDM
                 
                 	.MACRO __PUTB1PMN
                 	LDS  R26,@0
                 	LDS  R27,@0+1
                 	SUBI R26,LOW(-@1)
                 	SBCI R27,HIGH(-@1)
                 	ST   X,R30
                 	.ENDM
                 
                 	.MACRO __PUTW1PMN
                 	LDS  R26,@0
                 	LDS  R27,@0+1
                 	SUBI R26,LOW(-@1)
                 	SBCI R27,HIGH(-@1)
                 	ST   X+,R30
                 	ST   X,R31
                 	.ENDM
                 
                 	.MACRO __PUTD1PMN
                 	LDS  R26,@0
                 	LDS  R27,@0+1
                 	SUBI R26,LOW(-@1)
                 	SBCI R27,HIGH(-@1)
                 	CALL __PUTDP1
                 	.ENDM
                 
                 	.MACRO __PUTB1PMNS
                 	LDS  R26,@0
                 	LDS  R27,@0+1
                 	ADIW R26,@1
                 	ST   X,R30
                 	.ENDM
                 
                 	.MACRO __PUTW1PMNS
                 	LDS  R26,@0
                 	LDS  R27,@0+1
                 	ADIW R26,@1
                 	ST   X+,R30
                 	ST   X,R31
                 	.ENDM
                 
                 	.MACRO __PUTD1PMNS
                 	LDS  R26,@0
                 	LDS  R27,@0+1
                 	ADIW R26,@1
                 	CALL __PUTDP1
                 	.ENDM
                 
                 	.MACRO __PUTB1RN
                 	MOVW R26,R@0
                 	SUBI R26,LOW(-@1)
                 	SBCI R27,HIGH(-@1)
                 	ST   X,R30
                 	.ENDM
                 
                 	.MACRO __PUTW1RN
                 	MOVW R26,R@0
                 	SUBI R26,LOW(-@1)
                 	SBCI R27,HIGH(-@1)
                 	ST   X+,R30
                 	ST   X,R31
                 	.ENDM
                 
                 	.MACRO __PUTD1RN
                 	MOVW R26,R@0
                 	SUBI R26,LOW(-@1)
                 	SBCI R27,HIGH(-@1)
                 	CALL __PUTDP1
                 	.ENDM
                 
                 	.MACRO __PUTB1RNS
                 	MOVW R26,R@0
                 	ADIW R26,@1
                 	ST   X,R30
                 	.ENDM
                 
                 	.MACRO __PUTW1RNS
                 	MOVW R26,R@0
                 	ADIW R26,@1
                 	ST   X+,R30
                 	ST   X,R31
                 	.ENDM
                 
                 	.MACRO __PUTD1RNS
                 	MOVW R26,R@0
                 	ADIW R26,@1
                 	CALL __PUTDP1
                 	.ENDM
                 
                 	.MACRO __PUTB1RON
                 	MOV  R26,R@0
                 	MOV  R27,R@1
                 	SUBI R26,LOW(-@2)
                 	SBCI R27,HIGH(-@2)
                 	ST   X,R30
                 	.ENDM
                 
                 	.MACRO __PUTW1RON
                 	MOV  R26,R@0
                 	MOV  R27,R@1
                 	SUBI R26,LOW(-@2)
                 	SBCI R27,HIGH(-@2)
                 	ST   X+,R30
                 	ST   X,R31
                 	.ENDM
                 
                 	.MACRO __PUTD1RON
                 	MOV  R26,R@0
                 	MOV  R27,R@1
                 	SUBI R26,LOW(-@2)
                 	SBCI R27,HIGH(-@2)
                 	CALL __PUTDP1
                 	.ENDM
                 
                 	.MACRO __PUTB1RONS
                 	MOV  R26,R@0
                 	MOV  R27,R@1
                 	ADIW R26,@2
                 	ST   X,R30
                 	.ENDM
                 
                 	.MACRO __PUTW1RONS
                 	MOV  R26,R@0
                 	MOV  R27,R@1
                 	ADIW R26,@2
                 	ST   X+,R30
                 	ST   X,R31
                 	.ENDM
                 
                 	.MACRO __PUTD1RONS
                 	MOV  R26,R@0
                 	MOV  R27,R@1
                 	ADIW R26,@2
                 	CALL __PUTDP1
                 	.ENDM
                 
                 
                 	.MACRO __GETB1SX
                 	MOVW R30,R28
                 	SUBI R30,LOW(-@0)
                 	SBCI R31,HIGH(-@0)
                 	LD   R30,Z
                 	.ENDM
                 
                 	.MACRO __GETB1HSX
                 	MOVW R30,R28
                 	SUBI R30,LOW(-@0)
                 	SBCI R31,HIGH(-@0)
                 	LD   R31,Z
                 	.ENDM
                 
                 	.MACRO __GETW1SX
                 	MOVW R30,R28
                 	SUBI R30,LOW(-@0)
                 	SBCI R31,HIGH(-@0)
                 	LD   R0,Z+
                 	LD   R31,Z
                 	MOV  R30,R0
                 	.ENDM
                 
                 	.MACRO __GETD1SX
                 	MOVW R30,R28
                 	SUBI R30,LOW(-@0)
                 	SBCI R31,HIGH(-@0)
                 	LD   R0,Z+
                 	LD   R1,Z+
                 	LD   R22,Z+
                 	LD   R23,Z
                 	MOVW R30,R0
                 	.ENDM
                 
                 	.MACRO __GETB2SX
                 	MOVW R26,R28
                 	SUBI R26,LOW(-@0)
                 	SBCI R27,HIGH(-@0)
                 	LD   R26,X
                 	.ENDM
                 
                 	.MACRO __GETW2SX
                 	MOVW R26,R28
                 	SUBI R26,LOW(-@0)
                 	SBCI R27,HIGH(-@0)
                 	LD   R0,X+
                 	LD   R27,X
                 	MOV  R26,R0
                 	.ENDM
                 
                 	.MACRO __GETD2SX
                 	MOVW R26,R28
                 	SUBI R26,LOW(-@0)
                 	SBCI R27,HIGH(-@0)
                 	LD   R0,X+
                 	LD   R1,X+
                 	LD   R24,X+
                 	LD   R25,X
                 	MOVW R26,R0
                 	.ENDM
                 
                 	.MACRO __GETBRSX
                 	MOVW R30,R28
                 	SUBI R30,LOW(-@1)
                 	SBCI R31,HIGH(-@1)
                 	LD   R@0,Z
                 	.ENDM
                 
                 	.MACRO __GETWRSX
                 	MOVW R30,R28
                 	SUBI R30,LOW(-@2)
                 	SBCI R31,HIGH(-@2)
                 	LD   R@0,Z+
                 	LD   R@1,Z
                 	.ENDM
                 
                 	.MACRO __GETBRSX2
                 	MOVW R26,R28
                 	SUBI R26,LOW(-@1)
                 	SBCI R27,HIGH(-@1)
                 	LD   R@0,X
                 	.ENDM
                 
                 	.MACRO __GETWRSX2
                 	MOVW R26,R28
                 	SUBI R26,LOW(-@2)
                 	SBCI R27,HIGH(-@2)
                 	LD   R@0,X+
                 	LD   R@1,X
                 	.ENDM
                 
                 	.MACRO __LSLW8SX
                 	MOVW R30,R28
                 	SUBI R30,LOW(-@0)
                 	SBCI R31,HIGH(-@0)
                 	LD   R31,Z
                 	CLR  R30
                 	.ENDM
                 
                 	.MACRO __PUTB1SX
                 	MOVW R26,R28
                 	SUBI R26,LOW(-@0)
                 	SBCI R27,HIGH(-@0)
                 	ST   X,R30
                 	.ENDM
                 
                 	.MACRO __PUTW1SX
                 	MOVW R26,R28
                 	SUBI R26,LOW(-@0)
                 	SBCI R27,HIGH(-@0)
                 	ST   X+,R30
                 	ST   X,R31
                 	.ENDM
                 
                 	.MACRO __PUTD1SX
                 	MOVW R26,R28
                 	SUBI R26,LOW(-@0)
                 	SBCI R27,HIGH(-@0)
                 	ST   X+,R30
                 	ST   X+,R31
                 	ST   X+,R22
                 	ST   X,R23
                 	.ENDM
                 
                 	.MACRO __CLRW1SX
                 	MOVW R26,R28
                 	SUBI R26,LOW(-@0)
                 	SBCI R27,HIGH(-@0)
                 	ST   X+,R30
                 	ST   X,R30
                 	.ENDM
                 
                 	.MACRO __CLRD1SX
                 	MOVW R26,R28
                 	SUBI R26,LOW(-@0)
                 	SBCI R27,HIGH(-@0)
                 	ST   X+,R30
                 	ST   X+,R30
                 	ST   X+,R30
                 	ST   X,R30
                 	.ENDM
                 
                 	.MACRO __PUTB2SX
                 	MOVW R30,R28
                 	SUBI R30,LOW(-@0)
                 	SBCI R31,HIGH(-@0)
                 	ST   Z,R26
                 	.ENDM
                 
                 	.MACRO __PUTW2SX
                 	MOVW R30,R28
                 	SUBI R30,LOW(-@0)
                 	SBCI R31,HIGH(-@0)
                 	ST   Z+,R26
                 	ST   Z,R27
                 	.ENDM
                 
                 	.MACRO __PUTD2SX
                 	MOVW R30,R28
                 	SUBI R30,LOW(-@0)
                 	SBCI R31,HIGH(-@0)
                 	ST   Z+,R26
                 	ST   Z+,R27
                 	ST   Z+,R24
                 	ST   Z,R25
                 	.ENDM
                 
                 	.MACRO __PUTBSRX
                 	MOVW R30,R28
                 	SUBI R30,LOW(-@1)
                 	SBCI R31,HIGH(-@1)
                 	ST   Z,R@0
                 	.ENDM
                 
                 	.MACRO __PUTWSRX
                 	MOVW R30,R28
                 	SUBI R30,LOW(-@2)
                 	SBCI R31,HIGH(-@2)
                 	ST   Z+,R@0
                 	ST   Z,R@1
                 	.ENDM
                 
                 	.MACRO __PUTB1SNX
                 	MOVW R26,R28
                 	SUBI R26,LOW(-@0)
                 	SBCI R27,HIGH(-@0)
                 	LD   R0,X+
                 	LD   R27,X
                 	MOV  R26,R0
                 	SUBI R26,LOW(-@1)
                 	SBCI R27,HIGH(-@1)
                 	ST   X,R30
                 	.ENDM
                 
                 	.MACRO __PUTW1SNX
                 	MOVW R26,R28
                 	SUBI R26,LOW(-@0)
                 	SBCI R27,HIGH(-@0)
                 	LD   R0,X+
                 	LD   R27,X
                 	MOV  R26,R0
                 	SUBI R26,LOW(-@1)
                 	SBCI R27,HIGH(-@1)
                 	ST   X+,R30
                 	ST   X,R31
                 	.ENDM
                 
                 	.MACRO __PUTD1SNX
                 	MOVW R26,R28
                 	SUBI R26,LOW(-@0)
                 	SBCI R27,HIGH(-@0)
                 	LD   R0,X+
                 	LD   R27,X
                 	MOV  R26,R0
                 	SUBI R26,LOW(-@1)
                 	SBCI R27,HIGH(-@1)
                 	ST   X+,R30
                 	ST   X+,R31
                 	ST   X+,R22
                 	ST   X,R23
                 	.ENDM
                 
                 	.MACRO __MULBRR
                 	MULS R@0,R@1
                 	MOVW R30,R0
                 	.ENDM
                 
                 	.MACRO __MULBRRU
                 	MUL  R@0,R@1
                 	MOVW R30,R0
                 	.ENDM
                 
                 	.MACRO __MULBRR0
                 	MULS R@0,R@1
                 	.ENDM
                 
                 	.MACRO __MULBRRU0
                 	MUL  R@0,R@1
                 	.ENDM
                 
                 	.MACRO __MULBNWRU
                 	LDI  R26,@2
                 	MUL  R26,R@0
                 	MOVW R30,R0
                 	MUL  R26,R@1
                 	ADD  R31,R0
                 	.ENDM
                 
                 ;NAME DEFINITIONS FOR GLOBAL VARIABLES ALLOCATED TO REGISTERS
                 	.DEF _sensor=R4
                 	.DEF _sensor_msb=R5
                 	.DEF __lcd_x=R7
                 	.DEF __lcd_y=R6
                 	.DEF __lcd_maxx=R9
                 
                 	.CSEG
                 	.ORG 0x00
                 
                 ;START OF CODE MARKER
                 __START_OF_CODE:
                 
                 ;INTERRUPT VECTORS
000000 940c 003a 	JMP  __RESET
000002 940c 0000 	JMP  0x00
000004 940c 0000 	JMP  0x00
000006 940c 0000 	JMP  0x00
000008 940c 0000 	JMP  0x00
00000a 940c 0000 	JMP  0x00
00000c 940c 0000 	JMP  0x00
00000e 940c 0000 	JMP  0x00
000010 940c 0000 	JMP  0x00
000012 940c 0000 	JMP  0x00
000014 940c 0000 	JMP  0x00
000016 940c 0000 	JMP  0x00
000018 940c 0000 	JMP  0x00
00001a 940c 0000 	JMP  0x00
00001c 940c 0000 	JMP  0x00
00001e 940c 0000 	JMP  0x00
000020 940c 0000 	JMP  0x00
000022 940c 0000 	JMP  0x00
000024 940c 0000 	JMP  0x00
000026 940c 0000 	JMP  0x00
000028 940c 0000 	JMP  0x00
                 
                 _tbl10_G100:
00002a 2710
00002b 03e8
00002c 0064
00002d 000a      	.DB  0x10,0x27,0xE8,0x3,0x64,0x0,0xA,0x0
00002e 0001      	.DB  0x1,0x0
                 _tbl16_G100:
00002f 1000
000030 0100
000031 0010
000032 0001      	.DB  0x0,0x10,0x0,0x1,0x10,0x0,0x1,0x0
                 
                 _0x0:
000033 6425
E:\Documents\cavr\ldr\Debug\List\ldr.asm(1130): warning: .cseg .db misalignment - padding zero byte
000034 0000      	.DB  0x25,0x64,0x0
                 _0x2020003:
000035 c080      	.DB  0x80,0xC0
                 
                 __GLOBAL_INI_TBL:
000036 0002      	.DW  0x02
000037 0274      	.DW  __base_y_G101
000038 006a      	.DW  _0x2020003*2
                 
                 _0xFFFFFFFF:
000039 0000      	.DW  0
                 
                 #define __GLOBAL_INI_TBL_PRESENT 1
                 
                 __RESET:
00003a 94f8      	CLI
00003b 27ee      	CLR  R30
00003c bbec      	OUT  EECR,R30
                 
                 ;INTERRUPT VECTORS ARE PLACED
                 ;AT THE START OF FLASH
00003d e0f1      	LDI  R31,1
00003e bffb      	OUT  GICR,R31
00003f bfeb      	OUT  GICR,R30
000040 bfe5      	OUT  MCUCR,R30
                 
                 ;CLEAR R2-R14
000041 e08d      	LDI  R24,(14-2)+1
000042 e0a2      	LDI  R26,2
000043 27bb      	CLR  R27
                 __CLEAR_REG:
000044 93ed      	ST   X+,R30
000045 958a      	DEC  R24
000046 f7e9      	BRNE __CLEAR_REG
                 
                 ;CLEAR SRAM
000047 e080      	LDI  R24,LOW(__CLEAR_SRAM_SIZE)
000048 e098      	LDI  R25,HIGH(__CLEAR_SRAM_SIZE)
000049 e6a0      	LDI  R26,__SRAM_START
                 __CLEAR_SRAM:
00004a 93ed      	ST   X+,R30
00004b 9701      	SBIW R24,1
00004c f7e9      	BRNE __CLEAR_SRAM
                 
                 ;GLOBAL VARIABLES INITIALIZATION
00004d e6ec      	LDI  R30,LOW(__GLOBAL_INI_TBL*2)
00004e e0f0      	LDI  R31,HIGH(__GLOBAL_INI_TBL*2)
                 __GLOBAL_INI_NEXT:
00004f 9185      	LPM  R24,Z+
000050 9195      	LPM  R25,Z+
000051 9700      	SBIW R24,0
000052 f061      	BREQ __GLOBAL_INI_END
000053 91a5      	LPM  R26,Z+
000054 91b5      	LPM  R27,Z+
000055 9005      	LPM  R0,Z+
000056 9015      	LPM  R1,Z+
000057 01bf      	MOVW R22,R30
000058 01f0      	MOVW R30,R0
                 __GLOBAL_INI_LOOP:
000059 9005      	LPM  R0,Z+
00005a 920d      	ST   X+,R0
00005b 9701      	SBIW R24,1
00005c f7e1      	BRNE __GLOBAL_INI_LOOP
00005d 01fb      	MOVW R30,R22
00005e cff0      	RJMP __GLOBAL_INI_NEXT
                 __GLOBAL_INI_END:
                 
                 ;HARDWARE STACK POINTER INITIALIZATION
00005f e5ef      	LDI  R30,LOW(__SRAM_END-__HEAP_SIZE)
000060 bfed      	OUT  SPL,R30
000061 e0e8      	LDI  R30,HIGH(__SRAM_END-__HEAP_SIZE)
000062 bfee      	OUT  SPH,R30
                 
                 ;DATA STACK POINTER INITIALIZATION
000063 e6c0      	LDI  R28,LOW(__SRAM_START+__DSTACK_SIZE)
000064 e0d2      	LDI  R29,HIGH(__SRAM_START+__DSTACK_SIZE)
                 
000065 940c 0075 	JMP  _main
                 
                 	.ESEG
                 	.ORG 0
                 
                 	.DSEG
                 	.ORG 0x260
                 
                 	.CSEG
                 ;/*******************************************************
                 ;This program was created by the
                 ;CodeWizardAVR V3.12 Advanced
                 ;Automatic Program Generator
                 ;© Copyright 1998-2014 Pavel Haiduc, HP InfoTech s.r.l.
                 ;http://www.hpinfotech.com
                 ;
                 ;Project :
                 ;Version :
                 ;Date    : 1/9/2023
                 ;Author  :
                 ;Company :
                 ;Comments:
                 ;
                 ;
                 ;Chip type               : ATmega32
                 ;Program type            : Application
                 ;AVR Core Clock frequency: 1.000000 MHz
                 ;Memory model            : Small
                 ;External RAM size       : 0
                 ;Data Stack size         : 512
                 ;*******************************************************/
                 ;
                 ;#include <mega32.h>
                 	#ifndef __SLEEP_DEFINED__
                 	#define __SLEEP_DEFINED__
                 	.EQU __se_bit=0x80
                 	.EQU __sm_mask=0x70
                 	.EQU __sm_powerdown=0x20
                 	.EQU __sm_powersave=0x30
                 	.EQU __sm_standby=0x60
                 	.EQU __sm_ext_standby=0x70
                 	.EQU __sm_adc_noise_red=0x10
                 	.SET power_ctrl_reg=mcucr
                 	#endif
                 ;#include <stdio.h>
                 ;#include <delay.h>
                 ;
                 ;// Alphanumeric LCD functions
                 ;#include <alcd.h>
                 ;
                 ;// Declare your global variables here
                 ;int sensor;
                 ;char val[20];
                 ;// Voltage Reference: AREF pin
                 ;#define ADC_VREF_TYPE ((0<<REFS1) | (0<<REFS0) | (0<<ADLAR))
                 ;
                 ;// Read the AD conversion result
                 ;unsigned int read_adc(unsigned char adc_input)
                 ; 0000 0027 {
                 
                 	.CSEG
                 _read_adc:
                 ; .FSTART _read_adc
                 ; 0000 0028 ADMUX=adc_input | ADC_VREF_TYPE;
000067 93aa      	ST   -Y,R26
                 ;	adc_input -> Y+0
000068 81e8      	LD   R30,Y
000069 b9e7      	OUT  0x7,R30
                 ; 0000 0029 // Delay needed for the stabilization of the ADC input voltage
                 ; 0000 002A delay_us(10);
                +
00006a e083     +LDI R24 , LOW ( 3 )
                +__DELAY_USB_LOOP :
00006b 958a     +DEC R24
00006c f7f1     +BRNE __DELAY_USB_LOOP
                 	__DELAY_USB 3
                 ; 0000 002B // Start the AD conversion
                 ; 0000 002C ADCSRA|=(1<<ADSC);
00006d 9a36      	SBI  0x6,6
                 ; 0000 002D // Wait for the AD conversion to complete
                 ; 0000 002E while ((ADCSRA & (1<<ADIF))==0);
                 _0x3:
00006e 9b34      	SBIS 0x6,4
00006f cffe      	RJMP _0x3
                 ; 0000 002F ADCSRA|=(1<<ADIF);
000070 9a34      	SBI  0x6,4
                 ; 0000 0030 return ADCW;
000071 b1e4      	IN   R30,0x4
000072 b1f5      	IN   R31,0x4+1
000073 940c 02f2 	JMP  _0x2080001
                 ; 0000 0031 }
                 ; .FEND
                 ;
                 ;void main(void)
                 ; 0000 0034 {
                 _main:
                 ; .FSTART _main
                 ; 0000 0035 // Declare your local variables here
                 ; 0000 0036 
                 ; 0000 0037 // Input/Output Ports initialization
                 ; 0000 0038 // Port A initialization
                 ; 0000 0039 // Function: Bit7=In Bit6=In Bit5=In Bit4=In Bit3=In Bit2=In Bit1=In Bit0=In
                 ; 0000 003A DDRA=(0<<DDA7) | (0<<DDA6) | (0<<DDA5) | (0<<DDA4) | (0<<DDA3) | (0<<DDA2) | (0<<DDA1) | (0<<DDA0);
000075 e0e0      	LDI  R30,LOW(0)
000076 bbea      	OUT  0x1A,R30
                 ; 0000 003B // State: Bit7=T Bit6=T Bit5=T Bit4=T Bit3=T Bit2=T Bit1=T Bit0=T
                 ; 0000 003C PORTA=(0<<PORTA7) | (0<<PORTA6) | (0<<PORTA5) | (0<<PORTA4) | (0<<PORTA3) | (0<<PORTA2) | (0<<PORTA1) | (0<<PORTA0);
000077 bbeb      	OUT  0x1B,R30
                 ; 0000 003D 
                 ; 0000 003E // Port B initialization
                 ; 0000 003F // Function: Bit7=In Bit6=In Bit5=In Bit4=In Bit3=In Bit2=In Bit1=In Bit0=In
                 ; 0000 0040 DDRB=(0<<DDB7) | (0<<DDB6) | (0<<DDB5) | (0<<DDB4) | (0<<DDB3) | (0<<DDB2) | (0<<DDB1) | (0<<DDB0);
000078 bbe7      	OUT  0x17,R30
                 ; 0000 0041 // State: Bit7=T Bit6=T Bit5=T Bit4=T Bit3=T Bit2=T Bit1=T Bit0=T
                 ; 0000 0042 PORTB=(0<<PORTB7) | (0<<PORTB6) | (0<<PORTB5) | (0<<PORTB4) | (0<<PORTB3) | (0<<PORTB2) | (0<<PORTB1) | (0<<PORTB0);
000079 bbe8      	OUT  0x18,R30
                 ; 0000 0043 
                 ; 0000 0044 // Port C initialization
                 ; 0000 0045 // Function: Bit7=In Bit6=In Bit5=In Bit4=In Bit3=In Bit2=In Bit1=In Bit0=In
                 ; 0000 0046 DDRC=(0<<DDC7) | (0<<DDC6) | (0<<DDC5) | (0<<DDC4) | (0<<DDC3) | (0<<DDC2) | (0<<DDC1) | (0<<DDC0);
00007a bbe4      	OUT  0x14,R30
                 ; 0000 0047 // State: Bit7=T Bit6=T Bit5=T Bit4=T Bit3=T Bit2=T Bit1=T Bit0=T
                 ; 0000 0048 PORTC=(0<<PORTC7) | (0<<PORTC6) | (0<<PORTC5) | (0<<PORTC4) | (0<<PORTC3) | (0<<PORTC2) | (0<<PORTC1) | (0<<PORTC0);
00007b bbe5      	OUT  0x15,R30
                 ; 0000 0049 
                 ; 0000 004A // Port D initialization
                 ; 0000 004B // Function: Bit7=In Bit6=In Bit5=In Bit4=In Bit3=In Bit2=In Bit1=In Bit0=In
                 ; 0000 004C DDRD=(0<<DDD7) | (0<<DDD6) | (0<<DDD5) | (0<<DDD4) | (0<<DDD3) | (0<<DDD2) | (0<<DDD1) | (0<<DDD0);
00007c bbe1      	OUT  0x11,R30
                 ; 0000 004D // State: Bit7=T Bit6=T Bit5=T Bit4=T Bit3=T Bit2=T Bit1=T Bit0=T
                 ; 0000 004E PORTD=(0<<PORTD7) | (0<<PORTD6) | (0<<PORTD5) | (0<<PORTD4) | (0<<PORTD3) | (0<<PORTD2) | (0<<PORTD1) | (0<<PORTD0);
00007d bbe2      	OUT  0x12,R30
                 ; 0000 004F 
                 ; 0000 0050 // Timer/Counter 0 initialization
                 ; 0000 0051 // Clock source: System Clock
                 ; 0000 0052 // Clock value: Timer 0 Stopped
                 ; 0000 0053 // Mode: Normal top=0xFF
                 ; 0000 0054 // OC0 output: Disconnected
                 ; 0000 0055 TCCR0=(0<<WGM00) | (0<<COM01) | (0<<COM00) | (0<<WGM01) | (0<<CS02) | (0<<CS01) | (0<<CS00);
00007e bfe3      	OUT  0x33,R30
                 ; 0000 0056 TCNT0=0x00;
00007f bfe2      	OUT  0x32,R30
                 ; 0000 0057 OCR0=0x00;
000080 bfec      	OUT  0x3C,R30
                 ; 0000 0058 
                 ; 0000 0059 // Timer/Counter 1 initialization
                 ; 0000 005A // Clock source: System Clock
                 ; 0000 005B // Clock value: Timer1 Stopped
                 ; 0000 005C // Mode: Normal top=0xFFFF
                 ; 0000 005D // OC1A output: Disconnected
                 ; 0000 005E // OC1B output: Disconnected
                 ; 0000 005F // Noise Canceler: Off
                 ; 0000 0060 // Input Capture on Falling Edge
                 ; 0000 0061 // Timer1 Overflow Interrupt: Off
                 ; 0000 0062 // Input Capture Interrupt: Off
                 ; 0000 0063 // Compare A Match Interrupt: Off
                 ; 0000 0064 // Compare B Match Interrupt: Off
                 ; 0000 0065 TCCR1A=(0<<COM1A1) | (0<<COM1A0) | (0<<COM1B1) | (0<<COM1B0) | (0<<WGM11) | (0<<WGM10);
000081 bdef      	OUT  0x2F,R30
                 ; 0000 0066 TCCR1B=(0<<ICNC1) | (0<<ICES1) | (0<<WGM13) | (0<<WGM12) | (0<<CS12) | (0<<CS11) | (0<<CS10);
000082 bdee      	OUT  0x2E,R30
                 ; 0000 0067 TCNT1H=0x00;
000083 bded      	OUT  0x2D,R30
                 ; 0000 0068 TCNT1L=0x00;
000084 bdec      	OUT  0x2C,R30
                 ; 0000 0069 ICR1H=0x00;
000085 bde7      	OUT  0x27,R30
                 ; 0000 006A ICR1L=0x00;
000086 bde6      	OUT  0x26,R30
                 ; 0000 006B OCR1AH=0x00;
000087 bdeb      	OUT  0x2B,R30
                 ; 0000 006C OCR1AL=0x00;
000088 bdea      	OUT  0x2A,R30
                 ; 0000 006D OCR1BH=0x00;
000089 bde9      	OUT  0x29,R30
                 ; 0000 006E OCR1BL=0x00;
00008a bde8      	OUT  0x28,R30
                 ; 0000 006F 
                 ; 0000 0070 // Timer/Counter 2 initialization
                 ; 0000 0071 // Clock source: System Clock
                 ; 0000 0072 // Clock value: Timer2 Stopped
                 ; 0000 0073 // Mode: Normal top=0xFF
                 ; 0000 0074 // OC2 output: Disconnected
                 ; 0000 0075 ASSR=0<<AS2;
00008b bde2      	OUT  0x22,R30
                 ; 0000 0076 TCCR2=(0<<PWM2) | (0<<COM21) | (0<<COM20) | (0<<CTC2) | (0<<CS22) | (0<<CS21) | (0<<CS20);
00008c bde5      	OUT  0x25,R30
                 ; 0000 0077 TCNT2=0x00;
00008d bde4      	OUT  0x24,R30
                 ; 0000 0078 OCR2=0x00;
00008e bde3      	OUT  0x23,R30
                 ; 0000 0079 
                 ; 0000 007A // Timer(s)/Counter(s) Interrupt(s) initialization
                 ; 0000 007B TIMSK=(0<<OCIE2) | (0<<TOIE2) | (0<<TICIE1) | (0<<OCIE1A) | (0<<OCIE1B) | (0<<TOIE1) | (0<<OCIE0) | (0<<TOIE0);
00008f bfe9      	OUT  0x39,R30
                 ; 0000 007C 
                 ; 0000 007D // External Interrupt(s) initialization
                 ; 0000 007E // INT0: Off
                 ; 0000 007F // INT1: Off
                 ; 0000 0080 // INT2: Off
                 ; 0000 0081 MCUCR=(0<<ISC11) | (0<<ISC10) | (0<<ISC01) | (0<<ISC00);
000090 bfe5      	OUT  0x35,R30
                 ; 0000 0082 MCUCSR=(0<<ISC2);
000091 bfe4      	OUT  0x34,R30
                 ; 0000 0083 
                 ; 0000 0084 // USART initialization
                 ; 0000 0085 // USART disabled
                 ; 0000 0086 UCSRB=(0<<RXCIE) | (0<<TXCIE) | (0<<UDRIE) | (0<<RXEN) | (0<<TXEN) | (0<<UCSZ2) | (0<<RXB8) | (0<<TXB8);
000092 b9ea      	OUT  0xA,R30
                 ; 0000 0087 
                 ; 0000 0088 // Analog Comparator initialization
                 ; 0000 0089 // Analog Comparator: Off
                 ; 0000 008A // The Analog Comparator's positive input is
                 ; 0000 008B // connected to the AIN0 pin
                 ; 0000 008C // The Analog Comparator's negative input is
                 ; 0000 008D // connected to the AIN1 pin
                 ; 0000 008E ACSR=(1<<ACD) | (0<<ACBG) | (0<<ACO) | (0<<ACI) | (0<<ACIE) | (0<<ACIC) | (0<<ACIS1) | (0<<ACIS0);
000093 e8e0      	LDI  R30,LOW(128)
000094 b9e8      	OUT  0x8,R30
                 ; 0000 008F 
                 ; 0000 0090 // ADC initialization
                 ; 0000 0091 // ADC Clock frequency: 500.000 kHz
                 ; 0000 0092 // ADC Voltage Reference: AREF pin
                 ; 0000 0093 // ADC Auto Trigger Source: ADC Stopped
                 ; 0000 0094 ADMUX=ADC_VREF_TYPE;
000095 e0e0      	LDI  R30,LOW(0)
000096 b9e7      	OUT  0x7,R30
                 ; 0000 0095 ADCSRA=(1<<ADEN) | (0<<ADSC) | (0<<ADATE) | (0<<ADIF) | (0<<ADIE) | (0<<ADPS2) | (0<<ADPS1) | (1<<ADPS0);
000097 e8e1      	LDI  R30,LOW(129)
000098 b9e6      	OUT  0x6,R30
                 ; 0000 0096 SFIOR=(0<<ADTS2) | (0<<ADTS1) | (0<<ADTS0);
000099 e0e0      	LDI  R30,LOW(0)
00009a bfe0      	OUT  0x30,R30
                 ; 0000 0097 
                 ; 0000 0098 // SPI initialization
                 ; 0000 0099 // SPI disabled
                 ; 0000 009A SPCR=(0<<SPIE) | (0<<SPE) | (0<<DORD) | (0<<MSTR) | (0<<CPOL) | (0<<CPHA) | (0<<SPR1) | (0<<SPR0);
00009b b9ed      	OUT  0xD,R30
                 ; 0000 009B 
                 ; 0000 009C // TWI initialization
                 ; 0000 009D // TWI disabled
                 ; 0000 009E TWCR=(0<<TWEA) | (0<<TWSTA) | (0<<TWSTO) | (0<<TWEN) | (0<<TWIE);
00009c bfe6      	OUT  0x36,R30
                 ; 0000 009F 
                 ; 0000 00A0 // Alphanumeric LCD initialization
                 ; 0000 00A1 // Connections are specified in the
                 ; 0000 00A2 // Project|Configure|C Compiler|Libraries|Alphanumeric LCD menu:
                 ; 0000 00A3 // RS - PORTC Bit 0
                 ; 0000 00A4 // RD - PORTC Bit 1
                 ; 0000 00A5 // EN - PORTC Bit 2
                 ; 0000 00A6 // D4 - PORTC Bit 4
                 ; 0000 00A7 // D5 - PORTC Bit 5
                 ; 0000 00A8 // D6 - PORTC Bit 6
                 ; 0000 00A9 // D7 - PORTC Bit 7
                 ; 0000 00AA // Characters/line: 16
                 ; 0000 00AB lcd_init(16);
00009d e1a0      	LDI  R26,LOW(16)
00009e 940e 02c7 	CALL _lcd_init
                 ; 0000 00AC 
                 ; 0000 00AD while (1)
                 _0x6:
                 ; 0000 00AE       {
                 ; 0000 00AF       // Place your code here
                 ; 0000 00B0       sensor = read_adc(0);
0000a0 e0a0      	LDI  R26,LOW(0)
0000a1 dfc5      	RCALL _read_adc
0000a2 012f      	MOVW R4,R30
                 ; 0000 00B1       sprintf(val,"%d",sensor);
0000a3 e6e0      	LDI  R30,LOW(_val)
0000a4 e0f2      	LDI  R31,HIGH(_val)
0000a5 93fa      	ST   -Y,R31
0000a6 93ea      	ST   -Y,R30
                +
0000a7 e6e6     +LDI R30 , LOW ( 2 * _0x0 + ( 0 ) )
0000a8 e0f0     +LDI R31 , HIGH ( 2 * _0x0 + ( 0 ) )
                 	__POINTW1FN _0x0,0
0000a9 93fa      	ST   -Y,R31
0000aa 93ea      	ST   -Y,R30
0000ab 01f2      	MOVW R30,R4
0000ac 940e 0358 	CALL __CWD1
0000ae 940e 0365 	CALL __PUTPARD1
0000b0 e084      	LDI  R24,4
0000b1 940e 0234 	CALL _sprintf
0000b3 9628      	ADIW R28,8
                 ; 0000 00B2       lcd_puts(val);
0000b4 e6a0      	LDI  R26,LOW(_val)
0000b5 e0b2      	LDI  R27,HIGH(_val)
0000b6 940e 02b6 	CALL _lcd_puts
                 ; 0000 00B3       delay_ms(200);
0000b8 eca8      	LDI  R26,LOW(200)
0000b9 e0b0      	LDI  R27,0
0000ba 940e 0346 	CALL _delay_ms
                 ; 0000 00B4       lcd_clear();
0000bc 940e 0295 	CALL _lcd_clear
                 ; 0000 00B5       }
0000be cfe1      	RJMP _0x6
                 ; 0000 00B6 }
                 _0x9:
0000bf cfff      	RJMP _0x9
                 ; .FEND
                 	#ifndef __SLEEP_DEFINED__
                 	#endif
                 
                 	.CSEG
                 _put_buff_G100:
                 ; .FSTART _put_buff_G100
0000c0 93ba      	ST   -Y,R27
0000c1 93aa      	ST   -Y,R26
0000c2 931a      	ST   -Y,R17
0000c3 930a      	ST   -Y,R16
0000c4 81aa      	LDD  R26,Y+2
0000c5 81bb      	LDD  R27,Y+2+1
0000c6 9612      	ADIW R26,2
0000c7 940e 035d 	CALL __GETW1P
0000c9 9730      	SBIW R30,0
0000ca f159      	BREQ _0x2000010
0000cb 81aa      	LDD  R26,Y+2
0000cc 81bb      	LDD  R27,Y+2+1
0000cd 9614      	ADIW R26,4
0000ce 940e 035d 	CALL __GETW1P
0000d0 018f      	MOVW R16,R30
0000d1 9730      	SBIW R30,0
0000d2 f061      	BREQ _0x2000012
                +
0000d3 3002     +CPI R16 , LOW ( 2 )
0000d4 e0e0     +LDI R30 , HIGH ( 2 )
0000d5 071e     +CPC R17 , R30
                 	__CPWRN 16,17,2
0000d6 f098      	BRLO _0x2000013
0000d7 01f8      	MOVW R30,R16
0000d8 9731      	SBIW R30,1
0000d9 018f      	MOVW R16,R30
                +
0000da 81aa     +LDD R26 , Y + 2
0000db 81bb     +LDD R27 , Y + 2 + 1
0000dc 9614     +ADIW R26 , 4
0000dd 93ed     +ST X + , R30
0000de 93fc     +ST X , R31
                 	__PUTW1SNS 2,4
                 _0x2000012:
0000df 81aa      	LDD  R26,Y+2
0000e0 81bb      	LDD  R27,Y+2+1
0000e1 9612      	ADIW R26,2
0000e2 91ed      	LD   R30,X+
0000e3 91fd      	LD   R31,X+
0000e4 9631      	ADIW R30,1
0000e5 93fe      	ST   -X,R31
0000e6 93ee      	ST   -X,R30
0000e7 9731      	SBIW R30,1
0000e8 81ac      	LDD  R26,Y+4
0000e9 83a0      	STD  Z+0,R26
                 _0x2000013:
0000ea 81aa      	LDD  R26,Y+2
0000eb 81bb      	LDD  R27,Y+2+1
0000ec 940e 035d 	CALL __GETW1P
0000ee 23ff      	TST  R31
0000ef f02a      	BRMI _0x2000014
0000f0 91ed      	LD   R30,X+
0000f1 91fd      	LD   R31,X+
0000f2 9631      	ADIW R30,1
0000f3 93fe      	ST   -X,R31
0000f4 93ee      	ST   -X,R30
                 _0x2000014:
0000f5 c006      	RJMP _0x2000015
                 _0x2000010:
0000f6 81aa      	LDD  R26,Y+2
0000f7 81bb      	LDD  R27,Y+2+1
0000f8 efef      	LDI  R30,LOW(65535)
0000f9 efff      	LDI  R31,HIGH(65535)
0000fa 93ed      	ST   X+,R30
0000fb 93fc      	ST   X,R31
                 _0x2000015:
0000fc 8119      	LDD  R17,Y+1
0000fd 8108      	LDD  R16,Y+0
0000fe 9625      	ADIW R28,5
0000ff 9508      	RET
                 ; .FEND
                 __print_G100:
                 ; .FSTART __print_G100
000100 93ba      	ST   -Y,R27
000101 93aa      	ST   -Y,R26
000102 9726      	SBIW R28,6
000103 940e 036a 	CALL __SAVELOCR6
000105 e010      	LDI  R17,0
000106 85ac      	LDD  R26,Y+12
000107 85bd      	LDD  R27,Y+12+1
000108 e0e0      	LDI  R30,LOW(0)
000109 e0f0      	LDI  R31,HIGH(0)
00010a 93ed      	ST   X+,R30
00010b 93fc      	ST   X,R31
                 _0x2000016:
00010c 89ea      	LDD  R30,Y+18
00010d 89fb      	LDD  R31,Y+18+1
00010e 9631      	ADIW R30,1
00010f 8bea      	STD  Y+18,R30
000110 8bfb      	STD  Y+18+1,R31
000111 9731      	SBIW R30,1
000112 91e4      	LPM  R30,Z
000113 2f2e      	MOV  R18,R30
000114 30e0      	CPI  R30,0
000115 f409      	BRNE PC+2
000116 c115      	RJMP _0x2000018
000117 2fe1      	MOV  R30,R17
000118 30e0      	CPI  R30,0
000119 f439      	BRNE _0x200001C
00011a 3225      	CPI  R18,37
00011b f411      	BRNE _0x200001D
00011c e011      	LDI  R17,LOW(1)
00011d c002      	RJMP _0x200001E
                 _0x200001D:
00011e 940e 030d 	CALL SUBOPT_0x0
                 _0x200001E:
000120 c10a      	RJMP _0x200001B
                 _0x200001C:
000121 30e1      	CPI  R30,LOW(0x1)
000122 f4a9      	BRNE _0x200001F
000123 3225      	CPI  R18,37
000124 f419      	BRNE _0x2000020
000125 940e 030d 	CALL SUBOPT_0x0
000127 c102      	RJMP _0x20000CC
                 _0x2000020:
000128 e012      	LDI  R17,LOW(2)
000129 e040      	LDI  R20,LOW(0)
00012a e000      	LDI  R16,LOW(0)
00012b 322d      	CPI  R18,45
00012c f411      	BRNE _0x2000021
00012d e001      	LDI  R16,LOW(1)
00012e c0fc      	RJMP _0x200001B
                 _0x2000021:
00012f 322b      	CPI  R18,43
000130 f411      	BRNE _0x2000022
000131 e24b      	LDI  R20,LOW(43)
000132 c0f8      	RJMP _0x200001B
                 _0x2000022:
000133 3220      	CPI  R18,32
000134 f411      	BRNE _0x2000023
000135 e240      	LDI  R20,LOW(32)
000136 c0f4      	RJMP _0x200001B
                 _0x2000023:
000137 c002      	RJMP _0x2000024
                 _0x200001F:
000138 30e2      	CPI  R30,LOW(0x2)
000139 f439      	BRNE _0x2000025
                 _0x2000024:
00013a e050      	LDI  R21,LOW(0)
00013b e013      	LDI  R17,LOW(3)
00013c 3320      	CPI  R18,48
00013d f411      	BRNE _0x2000026
00013e 6800      	ORI  R16,LOW(128)
00013f c0eb      	RJMP _0x200001B
                 _0x2000026:
000140 c003      	RJMP _0x2000027
                 _0x2000025:
000141 30e3      	CPI  R30,LOW(0x3)
000142 f009      	BREQ PC+2
000143 c0e7      	RJMP _0x200001B
                 _0x2000027:
000144 3320      	CPI  R18,48
000145 f010      	BRLO _0x200002A
000146 332a      	CPI  R18,58
000147 f008      	BRLO _0x200002B
                 _0x200002A:
000148 c007      	RJMP _0x2000029
                 _0x200002B:
000149 e0aa      	LDI  R26,LOW(10)
00014a 9f5a      	MUL  R21,R26
00014b 2d50      	MOV  R21,R0
00014c 2fe2      	MOV  R30,R18
00014d 53e0      	SUBI R30,LOW(48)
00014e 0f5e      	ADD  R21,R30
00014f c0db      	RJMP _0x200001B
                 _0x2000029:
000150 2fe2      	MOV  R30,R18
000151 36e3      	CPI  R30,LOW(0x63)
000152 f449      	BRNE _0x200002F
000153 940e 0314 	CALL SUBOPT_0x1
000155 89e8      	LDD  R30,Y+16
000156 89f9      	LDD  R31,Y+16+1
000157 81a4      	LDD  R26,Z+4
000158 93aa      	ST   -Y,R26
000159 940e 031a 	CALL SUBOPT_0x2
00015b c0ce      	RJMP _0x2000030
                 _0x200002F:
00015c 37e3      	CPI  R30,LOW(0x73)
00015d f441      	BRNE _0x2000032
00015e 940e 0314 	CALL SUBOPT_0x1
000160 940e 0320 	CALL SUBOPT_0x3
000162 940e 02f4 	CALL _strlen
000164 2f1e      	MOV  R17,R30
000165 c00a      	RJMP _0x2000033
                 _0x2000032:
000166 37e0      	CPI  R30,LOW(0x70)
000167 f461      	BRNE _0x2000035
000168 940e 0314 	CALL SUBOPT_0x1
00016a 940e 0320 	CALL SUBOPT_0x3
00016c 940e 0300 	CALL _strlenf
00016e 2f1e      	MOV  R17,R30
00016f 6008      	ORI  R16,LOW(8)
                 _0x2000033:
000170 6002      	ORI  R16,LOW(2)
000171 770f      	ANDI R16,LOW(127)
000172 e030      	LDI  R19,LOW(0)
000173 c034      	RJMP _0x2000036
                 _0x2000035:
000174 36e4      	CPI  R30,LOW(0x64)
000175 f011      	BREQ _0x2000039
000176 36e9      	CPI  R30,LOW(0x69)
000177 f411      	BRNE _0x200003A
                 _0x2000039:
000178 6004      	ORI  R16,LOW(4)
000179 c002      	RJMP _0x200003B
                 _0x200003A:
00017a 37e5      	CPI  R30,LOW(0x75)
00017b f431      	BRNE _0x200003C
                 _0x200003B:
00017c e5e4      	LDI  R30,LOW(_tbl10_G100*2)
00017d e0f0      	LDI  R31,HIGH(_tbl10_G100*2)
00017e 83ee      	STD  Y+6,R30
00017f 83ff      	STD  Y+6+1,R31
000180 e015      	LDI  R17,LOW(5)
000181 c00c      	RJMP _0x200003D
                 _0x200003C:
000182 35e8      	CPI  R30,LOW(0x58)
000183 f411      	BRNE _0x200003F
000184 6008      	ORI  R16,LOW(8)
000185 c003      	RJMP _0x2000040
                 _0x200003F:
000186 37e8      	CPI  R30,LOW(0x78)
000187 f009      	BREQ PC+2
000188 c0a1      	RJMP _0x2000071
                 _0x2000040:
000189 e5ee      	LDI  R30,LOW(_tbl16_G100*2)
00018a e0f0      	LDI  R31,HIGH(_tbl16_G100*2)
00018b 83ee      	STD  Y+6,R30
00018c 83ff      	STD  Y+6+1,R31
00018d e014      	LDI  R17,LOW(4)
                 _0x200003D:
00018e ff02      	SBRS R16,2
00018f c014      	RJMP _0x2000042
000190 940e 0314 	CALL SUBOPT_0x1
000192 940e 032a 	CALL SUBOPT_0x4
000194 85ab      	LDD  R26,Y+11
000195 23aa      	TST  R26
000196 f43a      	BRPL _0x2000043
000197 85ea      	LDD  R30,Y+10
000198 85fb      	LDD  R31,Y+10+1
000199 940e 0354 	CALL __ANEGW1
00019b 87ea      	STD  Y+10,R30
00019c 87fb      	STD  Y+10+1,R31
00019d e24d      	LDI  R20,LOW(45)
                 _0x2000043:
00019e 3040      	CPI  R20,0
00019f f011      	BREQ _0x2000044
0001a0 5f1f      	SUBI R17,-LOW(1)
0001a1 c001      	RJMP _0x2000045
                 _0x2000044:
0001a2 7f0b      	ANDI R16,LOW(251)
                 _0x2000045:
0001a3 c004      	RJMP _0x2000046
                 _0x2000042:
0001a4 940e 0314 	CALL SUBOPT_0x1
0001a6 940e 032a 	CALL SUBOPT_0x4
                 _0x2000046:
                 _0x2000036:
0001a8 fd00      	SBRC R16,0
0001a9 c011      	RJMP _0x2000047
                 _0x2000048:
0001aa 1715      	CP   R17,R21
0001ab f478      	BRSH _0x200004A
0001ac ff07      	SBRS R16,7
0001ad c008      	RJMP _0x200004B
0001ae ff02      	SBRS R16,2
0001af c004      	RJMP _0x200004C
0001b0 7f0b      	ANDI R16,LOW(251)
0001b1 2f24      	MOV  R18,R20
0001b2 5011      	SUBI R17,LOW(1)
0001b3 c001      	RJMP _0x200004D
                 _0x200004C:
0001b4 e320      	LDI  R18,LOW(48)
                 _0x200004D:
0001b5 c001      	RJMP _0x200004E
                 _0x200004B:
0001b6 e220      	LDI  R18,LOW(32)
                 _0x200004E:
0001b7 940e 030d 	CALL SUBOPT_0x0
0001b9 5051      	SUBI R21,LOW(1)
0001ba cfef      	RJMP _0x2000048
                 _0x200004A:
                 _0x2000047:
0001bb 2f31      	MOV  R19,R17
0001bc ff01      	SBRS R16,1
0001bd c017      	RJMP _0x200004F
                 _0x2000050:
0001be 3030      	CPI  R19,0
0001bf f0a1      	BREQ _0x2000052
0001c0 ff03      	SBRS R16,3
0001c1 c006      	RJMP _0x2000053
0001c2 81ee      	LDD  R30,Y+6
0001c3 81ff      	LDD  R31,Y+6+1
0001c4 9125      	LPM  R18,Z+
0001c5 83ee      	STD  Y+6,R30
0001c6 83ff      	STD  Y+6+1,R31
0001c7 c005      	RJMP _0x2000054
                 _0x2000053:
0001c8 81ae      	LDD  R26,Y+6
0001c9 81bf      	LDD  R27,Y+6+1
0001ca 912d      	LD   R18,X+
0001cb 83ae      	STD  Y+6,R26
0001cc 83bf      	STD  Y+6+1,R27
                 _0x2000054:
0001cd 940e 030d 	CALL SUBOPT_0x0
0001cf 3050      	CPI  R21,0
0001d0 f009      	BREQ _0x2000055
0001d1 5051      	SUBI R21,LOW(1)
                 _0x2000055:
0001d2 5031      	SUBI R19,LOW(1)
0001d3 cfea      	RJMP _0x2000050
                 _0x2000052:
0001d4 c04b      	RJMP _0x2000056
                 _0x200004F:
                 _0x2000058:
0001d5 e320      	LDI  R18,LOW(48)
0001d6 81ee      	LDD  R30,Y+6
0001d7 81ff      	LDD  R31,Y+6+1
0001d8 940e 0361 	CALL __GETW1PF
0001da 87e8      	STD  Y+8,R30
0001db 87f9      	STD  Y+8+1,R31
0001dc 81ee      	LDD  R30,Y+6
0001dd 81ff      	LDD  R31,Y+6+1
0001de 9632      	ADIW R30,2
0001df 83ee      	STD  Y+6,R30
0001e0 83ff      	STD  Y+6+1,R31
                 _0x200005A:
0001e1 85e8      	LDD  R30,Y+8
0001e2 85f9      	LDD  R31,Y+8+1
0001e3 85aa      	LDD  R26,Y+10
0001e4 85bb      	LDD  R27,Y+10+1
0001e5 17ae      	CP   R26,R30
0001e6 07bf      	CPC  R27,R31
0001e7 f050      	BRLO _0x200005C
0001e8 5f2f      	SUBI R18,-LOW(1)
0001e9 85a8      	LDD  R26,Y+8
0001ea 85b9      	LDD  R27,Y+8+1
0001eb 85ea      	LDD  R30,Y+10
0001ec 85fb      	LDD  R31,Y+10+1
0001ed 1bea      	SUB  R30,R26
0001ee 0bfb      	SBC  R31,R27
0001ef 87ea      	STD  Y+10,R30
0001f0 87fb      	STD  Y+10+1,R31
0001f1 cfef      	RJMP _0x200005A
                 _0x200005C:
0001f2 332a      	CPI  R18,58
0001f3 f028      	BRLO _0x200005D
0001f4 ff03      	SBRS R16,3
0001f5 c002      	RJMP _0x200005E
0001f6 5f29      	SUBI R18,-LOW(7)
0001f7 c001      	RJMP _0x200005F
                 _0x200005E:
0001f8 5d29      	SUBI R18,-LOW(39)
                 _0x200005F:
                 _0x200005D:
0001f9 fd04      	SBRC R16,4
0001fa c01a      	RJMP _0x2000061
0001fb 3321      	CPI  R18,49
0001fc f420      	BRSH _0x2000063
0001fd 85a8      	LDD  R26,Y+8
0001fe 85b9      	LDD  R27,Y+8+1
0001ff 9711      	SBIW R26,1
000200 f409      	BRNE _0x2000062
                 _0x2000063:
000201 c009      	RJMP _0x20000CD
                 _0x2000062:
000202 1753      	CP   R21,R19
000203 f010      	BRLO _0x2000067
000204 ff00      	SBRS R16,0
000205 c001      	RJMP _0x2000068
                 _0x2000067:
000206 c013      	RJMP _0x2000066
                 _0x2000068:
000207 e220      	LDI  R18,LOW(32)
000208 ff07      	SBRS R16,7
000209 c00b      	RJMP _0x2000069
00020a e320      	LDI  R18,LOW(48)
                 _0x20000CD:
00020b 6100      	ORI  R16,LOW(16)
00020c ff02      	SBRS R16,2
00020d c007      	RJMP _0x200006A
00020e 7f0b      	ANDI R16,LOW(251)
00020f 934a      	ST   -Y,R20
000210 940e 031a 	CALL SUBOPT_0x2
000212 3050      	CPI  R21,0
000213 f009      	BREQ _0x200006B
000214 5051      	SUBI R21,LOW(1)
                 _0x200006B:
                 _0x200006A:
                 _0x2000069:
                 _0x2000061:
000215 940e 030d 	CALL SUBOPT_0x0
000217 3050      	CPI  R21,0
000218 f009      	BREQ _0x200006C
000219 5051      	SUBI R21,LOW(1)
                 _0x200006C:
                 _0x2000066:
00021a 5031      	SUBI R19,LOW(1)
00021b 85a8      	LDD  R26,Y+8
00021c 85b9      	LDD  R27,Y+8+1
00021d 9712      	SBIW R26,2
00021e f008      	BRLO _0x2000059
00021f cfb5      	RJMP _0x2000058
                 _0x2000059:
                 _0x2000056:
000220 ff00      	SBRS R16,0
000221 c008      	RJMP _0x200006D
                 _0x200006E:
000222 3050      	CPI  R21,0
000223 f031      	BREQ _0x2000070
000224 5051      	SUBI R21,LOW(1)
000225 e2e0      	LDI  R30,LOW(32)
000226 93ea      	ST   -Y,R30
000227 940e 031a 	CALL SUBOPT_0x2
000229 cff8      	RJMP _0x200006E
                 _0x2000070:
                 _0x200006D:
                 _0x2000071:
                 _0x2000030:
                 _0x20000CC:
00022a e010      	LDI  R17,LOW(0)
                 _0x200001B:
00022b cee0      	RJMP _0x2000016
                 _0x2000018:
00022c 85ac      	LDD  R26,Y+12
00022d 85bd      	LDD  R27,Y+12+1
00022e 940e 035d 	CALL __GETW1P
000230 940e 0371 	CALL __LOADLOCR6
000232 9664      	ADIW R28,20
000233 9508      	RET
                 ; .FEND
                 _sprintf:
                 ; .FSTART _sprintf
000234 92ff      	PUSH R15
000235 2ef8      	MOV  R15,R24
000236 9726      	SBIW R28,6
000237 940e 036c 	CALL __SAVELOCR4
000239 940e 0332 	CALL SUBOPT_0x5
00023b 9730      	SBIW R30,0
00023c f419      	BRNE _0x2000072
00023d efef      	LDI  R30,LOW(65535)
00023e efff      	LDI  R31,HIGH(65535)
00023f c023      	RJMP _0x2080002
                 _0x2000072:
000240 01de      	MOVW R26,R28
000241 9616      	ADIW R26,6
000242 940e 0350 	CALL __ADDW2R15
000244 018d      	MOVW R16,R26
000245 940e 0332 	CALL SUBOPT_0x5
000247 83ee      	STD  Y+6,R30
000248 83ff      	STD  Y+6+1,R31
000249 e0e0      	LDI  R30,LOW(0)
00024a 87e8      	STD  Y+8,R30
00024b 87e9      	STD  Y+8+1,R30
00024c 01de      	MOVW R26,R28
00024d 961a      	ADIW R26,10
00024e 940e 0350 	CALL __ADDW2R15
000250 940e 035d 	CALL __GETW1P
000252 93fa      	ST   -Y,R31
000253 93ea      	ST   -Y,R30
000254 931a      	ST   -Y,R17
000255 930a      	ST   -Y,R16
000256 ece0      	LDI  R30,LOW(_put_buff_G100)
000257 e0f0      	LDI  R31,HIGH(_put_buff_G100)
000258 93fa      	ST   -Y,R31
000259 93ea      	ST   -Y,R30
00025a 01de      	MOVW R26,R28
00025b 961a      	ADIW R26,10
00025c dea3      	RCALL __print_G100
00025d 019f      	MOVW R18,R30
00025e 81ae      	LDD  R26,Y+6
00025f 81bf      	LDD  R27,Y+6+1
000260 e0e0      	LDI  R30,LOW(0)
000261 93ec      	ST   X,R30
000262 01f9      	MOVW R30,R18
                 _0x2080002:
000263 940e 0373 	CALL __LOADLOCR4
000265 962a      	ADIW R28,10
000266 90ff      	POP  R15
000267 9508      	RET
                 ; .FEND
                 	#ifndef __SLEEP_DEFINED__
                 	#endif
                 
                 	.DSEG
                 
                 	.CSEG
                 __lcd_write_nibble_G101:
                 ; .FSTART __lcd_write_nibble_G101
000268 93aa      	ST   -Y,R26
000269 b3e5      	IN   R30,0x15
00026a 70ef      	ANDI R30,LOW(0xF)
00026b 2fae      	MOV  R26,R30
00026c 81e8      	LD   R30,Y
00026d 7fe0      	ANDI R30,LOW(0xF0)
00026e 2bea      	OR   R30,R26
00026f bbe5      	OUT  0x15,R30
                +
000270 e082     +LDI R24 , LOW ( 2 )
                +__DELAY_USB_LOOP :
000271 958a     +DEC R24
000272 f7f1     +BRNE __DELAY_USB_LOOP
                 	__DELAY_USB 2
000273 9aaa      	SBI  0x15,2
                +
000274 e082     +LDI R24 , LOW ( 2 )
                +__DELAY_USB_LOOP :
000275 958a     +DEC R24
000276 f7f1     +BRNE __DELAY_USB_LOOP
                 	__DELAY_USB 2
000277 98aa      	CBI  0x15,2
                +
000278 e082     +LDI R24 , LOW ( 2 )
                +__DELAY_USB_LOOP :
000279 958a     +DEC R24
00027a f7f1     +BRNE __DELAY_USB_LOOP
                 	__DELAY_USB 2
00027b c076      	RJMP _0x2080001
                 ; .FEND
                 __lcd_write_data:
                 ; .FSTART __lcd_write_data
00027c 93aa      	ST   -Y,R26
00027d 81a8      	LD   R26,Y
00027e dfe9      	RCALL __lcd_write_nibble_G101
00027f 81e8          ld    r30,y
000280 95e2          swap  r30
000281 83e8          st    y,r30
000282 81a8      	LD   R26,Y
000283 dfe4      	RCALL __lcd_write_nibble_G101
                +
000284 e181     +LDI R24 , LOW ( 17 )
                +__DELAY_USB_LOOP :
000285 958a     +DEC R24
000286 f7f1     +BRNE __DELAY_USB_LOOP
                 	__DELAY_USB 17
000287 c06a      	RJMP _0x2080001
                 ; .FEND
                 _lcd_gotoxy:
                 ; .FSTART _lcd_gotoxy
000288 93aa      	ST   -Y,R26
000289 81e8      	LD   R30,Y
00028a e0f0      	LDI  R31,0
00028b 58ec      	SUBI R30,LOW(-__base_y_G101)
00028c 4ffd      	SBCI R31,HIGH(-__base_y_G101)
00028d 81e0      	LD   R30,Z
00028e 81a9      	LDD  R26,Y+1
00028f 0fae      	ADD  R26,R30
000290 dfeb      	RCALL __lcd_write_data
000291 8079      	LDD  R7,Y+1
000292 8068      	LDD  R6,Y+0
000293 9622      	ADIW R28,2
000294 9508      	RET
                 ; .FEND
                 _lcd_clear:
                 ; .FSTART _lcd_clear
000295 e0a2      	LDI  R26,LOW(2)
000296 940e 0339 	CALL SUBOPT_0x6
000298 e0ac      	LDI  R26,LOW(12)
000299 dfe2      	RCALL __lcd_write_data
00029a e0a1      	LDI  R26,LOW(1)
00029b 940e 0339 	CALL SUBOPT_0x6
00029d e0e0      	LDI  R30,LOW(0)
00029e 2e6e      	MOV  R6,R30
00029f 2e7e      	MOV  R7,R30
0002a0 9508      	RET
                 ; .FEND
                 _lcd_putchar:
                 ; .FSTART _lcd_putchar
0002a1 93aa      	ST   -Y,R26
0002a2 81a8      	LD   R26,Y
0002a3 30aa      	CPI  R26,LOW(0xA)
0002a4 f011      	BREQ _0x2020005
0002a5 1479      	CP   R7,R9
0002a6 f048      	BRLO _0x2020004
                 _0x2020005:
0002a7 e0e0      	LDI  R30,LOW(0)
0002a8 93ea      	ST   -Y,R30
0002a9 9463      	INC  R6
0002aa 2da6      	MOV  R26,R6
0002ab dfdc      	RCALL _lcd_gotoxy
0002ac 81a8      	LD   R26,Y
0002ad 30aa      	CPI  R26,LOW(0xA)
0002ae f409      	BRNE _0x2020007
0002af c042      	RJMP _0x2080001
                 _0x2020007:
                 _0x2020004:
0002b0 9473      	INC  R7
0002b1 9aa8      	SBI  0x15,0
0002b2 81a8      	LD   R26,Y
0002b3 dfc8      	RCALL __lcd_write_data
0002b4 98a8      	CBI  0x15,0
0002b5 c03c      	RJMP _0x2080001
                 ; .FEND
                 _lcd_puts:
                 ; .FSTART _lcd_puts
0002b6 93ba      	ST   -Y,R27
0002b7 93aa      	ST   -Y,R26
0002b8 931a      	ST   -Y,R17
                 _0x2020008:
0002b9 81a9      	LDD  R26,Y+1
0002ba 81ba      	LDD  R27,Y+1+1
0002bb 91ed      	LD   R30,X+
0002bc 83a9      	STD  Y+1,R26
0002bd 83ba      	STD  Y+1+1,R27
0002be 2f1e      	MOV  R17,R30
0002bf 30e0      	CPI  R30,0
0002c0 f019      	BREQ _0x202000A
0002c1 2fa1      	MOV  R26,R17
0002c2 dfde      	RCALL _lcd_putchar
0002c3 cff5      	RJMP _0x2020008
                 _0x202000A:
0002c4 8118      	LDD  R17,Y+0
0002c5 9623      	ADIW R28,3
0002c6 9508      	RET
                 ; .FEND
                 _lcd_init:
                 ; .FSTART _lcd_init
0002c7 93aa      	ST   -Y,R26
0002c8 b3e4      	IN   R30,0x14
0002c9 6fe0      	ORI  R30,LOW(0xF0)
0002ca bbe4      	OUT  0x14,R30
0002cb 9aa2      	SBI  0x14,2
0002cc 9aa0      	SBI  0x14,0
0002cd 9aa1      	SBI  0x14,1
0002ce 98aa      	CBI  0x15,2
0002cf 98a8      	CBI  0x15,0
0002d0 98a9      	CBI  0x15,1
0002d1 8098      	LDD  R9,Y+0
0002d2 81e8      	LD   R30,Y
0002d3 58e0      	SUBI R30,-LOW(128)
                +
0002d4 93e0 0276+STS __base_y_G101 + ( 2 ) , R30
                 	__PUTB1MN __base_y_G101,2
0002d6 81e8      	LD   R30,Y
0002d7 54e0      	SUBI R30,-LOW(192)
                +
0002d8 93e0 0277+STS __base_y_G101 + ( 3 ) , R30
                 	__PUTB1MN __base_y_G101,3
0002da e1a4      	LDI  R26,LOW(20)
0002db e0b0      	LDI  R27,0
0002dc 940e 0346 	CALL _delay_ms
0002de 940e 033f 	CALL SUBOPT_0x7
0002e0 940e 033f 	CALL SUBOPT_0x7
0002e2 940e 033f 	CALL SUBOPT_0x7
0002e4 e2a0      	LDI  R26,LOW(32)
0002e5 df82      	RCALL __lcd_write_nibble_G101
                +
0002e6 e281     +LDI R24 , LOW ( 33 )
                +__DELAY_USB_LOOP :
0002e7 958a     +DEC R24
0002e8 f7f1     +BRNE __DELAY_USB_LOOP
                 	__DELAY_USB 33
0002e9 e2a8      	LDI  R26,LOW(40)
0002ea df91      	RCALL __lcd_write_data
0002eb e0a4      	LDI  R26,LOW(4)
0002ec df8f      	RCALL __lcd_write_data
0002ed e8a5      	LDI  R26,LOW(133)
0002ee df8d      	RCALL __lcd_write_data
0002ef e0a6      	LDI  R26,LOW(6)
0002f0 df8b      	RCALL __lcd_write_data
0002f1 dfa3      	RCALL _lcd_clear
                 _0x2080001:
0002f2 9621      	ADIW R28,1
0002f3 9508      	RET
                 ; .FEND
                 
                 	.CSEG
                 
                 	.CSEG
                 _strlen:
                 ; .FSTART _strlen
0002f4 93ba      	ST   -Y,R27
0002f5 93aa      	ST   -Y,R26
0002f6 91a9          ld   r26,y+
0002f7 91b9          ld   r27,y+
0002f8 27ee          clr  r30
0002f9 27ff          clr  r31
                 strlen0:
0002fa 916d          ld   r22,x+
0002fb 2366          tst  r22
0002fc f011          breq strlen1
0002fd 9631          adiw r30,1
0002fe cffb          rjmp strlen0
                 strlen1:
0002ff 9508          ret
                 ; .FEND
                 _strlenf:
                 ; .FSTART _strlenf
000300 93ba      	ST   -Y,R27
000301 93aa      	ST   -Y,R26
000302 27aa          clr  r26
000303 27bb          clr  r27
000304 91e9          ld   r30,y+
000305 91f9          ld   r31,y+
                 strlenf0:
000306 9005      	lpm  r0,z+
000307 2000          tst  r0
000308 f011          breq strlenf1
000309 9611          adiw r26,1
00030a cffb          rjmp strlenf0
                 strlenf1:
00030b 01fd          movw r30,r26
00030c 9508          ret
                 ; .FEND
                 
                 	.DSEG
                 _val:
000260           	.BYTE 0x14
                 __base_y_G101:
000274           	.BYTE 0x4
                 
                 	.CSEG
                 ;OPTIMIZER ADDED SUBROUTINE, CALLED 5 TIMES, CODE SIZE REDUCTION:13 WORDS
                 SUBOPT_0x0:
00030d 932a      	ST   -Y,R18
00030e 85ad      	LDD  R26,Y+13
00030f 85be      	LDD  R27,Y+13+1
000310 85ef      	LDD  R30,Y+15
000311 89f8      	LDD  R31,Y+15+1
000312 9509      	ICALL
000313 9508      	RET
                 
                 ;OPTIMIZER ADDED SUBROUTINE, CALLED 5 TIMES, CODE SIZE REDUCTION:9 WORDS
                 SUBOPT_0x1:
000314 89e8      	LDD  R30,Y+16
000315 89f9      	LDD  R31,Y+16+1
000316 9734      	SBIW R30,4
000317 8be8      	STD  Y+16,R30
000318 8bf9      	STD  Y+16+1,R31
000319 9508      	RET
                 
                 ;OPTIMIZER ADDED SUBROUTINE, CALLED 3 TIMES, CODE SIZE REDUCTION:3 WORDS
                 SUBOPT_0x2:
00031a 85ad      	LDD  R26,Y+13
00031b 85be      	LDD  R27,Y+13+1
00031c 85ef      	LDD  R30,Y+15
00031d 89f8      	LDD  R31,Y+15+1
00031e 9509      	ICALL
00031f 9508      	RET
                 
                 ;OPTIMIZER ADDED SUBROUTINE, CALLED 2 TIMES, CODE SIZE REDUCTION:4 WORDS
                 SUBOPT_0x3:
000320 89a8      	LDD  R26,Y+16
000321 89b9      	LDD  R27,Y+16+1
000322 9614      	ADIW R26,4
000323 940e 035d 	CALL __GETW1P
000325 83ee      	STD  Y+6,R30
000326 83ff      	STD  Y+6+1,R31
000327 81ae      	LDD  R26,Y+6
000328 81bf      	LDD  R27,Y+6+1
000329 9508      	RET
                 
                 ;OPTIMIZER ADDED SUBROUTINE, CALLED 2 TIMES, CODE SIZE REDUCTION:2 WORDS
                 SUBOPT_0x4:
00032a 89a8      	LDD  R26,Y+16
00032b 89b9      	LDD  R27,Y+16+1
00032c 9614      	ADIW R26,4
00032d 940e 035d 	CALL __GETW1P
00032f 87ea      	STD  Y+10,R30
000330 87fb      	STD  Y+10+1,R31
000331 9508      	RET
                 
                 ;OPTIMIZER ADDED SUBROUTINE, CALLED 2 TIMES, CODE SIZE REDUCTION:1 WORDS
                 SUBOPT_0x5:
000332 01de      	MOVW R26,R28
000333 961c      	ADIW R26,12
000334 940e 0350 	CALL __ADDW2R15
000336 940e 035d 	CALL __GETW1P
000338 9508      	RET
                 
                 ;OPTIMIZER ADDED SUBROUTINE, CALLED 2 TIMES, CODE SIZE REDUCTION:1 WORDS
                 SUBOPT_0x6:
000339 940e 027c 	CALL __lcd_write_data
00033b e0a3      	LDI  R26,LOW(3)
00033c e0b0      	LDI  R27,0
00033d 940c 0346 	JMP  _delay_ms
                 
                 ;OPTIMIZER ADDED SUBROUTINE, CALLED 3 TIMES, CODE SIZE REDUCTION:5 WORDS
                 SUBOPT_0x7:
00033f e3a0      	LDI  R26,LOW(48)
000340 940e 0268 	CALL __lcd_write_nibble_G101
                +
000342 e281     +LDI R24 , LOW ( 33 )
                +__DELAY_USB_LOOP :
000343 958a     +DEC R24
000344 f7f1     +BRNE __DELAY_USB_LOOP
                 	__DELAY_USB 33
000345 9508      	RET
                 
                 
                 	.CSEG
                 _delay_ms:
000346 9610      	adiw r26,0
000347 f039      	breq __delay_ms1
                 __delay_ms0:
                +
000348 ef8a     +LDI R24 , LOW ( 0xFA )
000349 e090     +LDI R25 , HIGH ( 0xFA )
                +__DELAY_USW_LOOP :
00034a 9701     +SBIW R24 , 1
00034b f7f1     +BRNE __DELAY_USW_LOOP
                 	__DELAY_USW 0xFA
00034c 95a8      	wdr
00034d 9711      	sbiw r26,1
00034e f7c9      	brne __delay_ms0
                 __delay_ms1:
00034f 9508      	ret
                 
                 __ADDW2R15:
000350 2400      	CLR  R0
000351 0daf      	ADD  R26,R15
000352 1db0      	ADC  R27,R0
000353 9508      	RET
                 
                 __ANEGW1:
000354 95f1      	NEG  R31
000355 95e1      	NEG  R30
000356 40f0      	SBCI R31,0
000357 9508      	RET
                 
                 __CWD1:
000358 2f6f      	MOV  R22,R31
000359 0f66      	ADD  R22,R22
00035a 0b66      	SBC  R22,R22
00035b 2f76      	MOV  R23,R22
00035c 9508      	RET
                 
                 __GETW1P:
00035d 91ed      	LD   R30,X+
00035e 91fc      	LD   R31,X
00035f 9711      	SBIW R26,1
000360 9508      	RET
                 
                 __GETW1PF:
000361 9005      	LPM  R0,Z+
000362 91f4      	LPM  R31,Z
000363 2de0      	MOV  R30,R0
000364 9508      	RET
                 
                 __PUTPARD1:
000365 937a      	ST   -Y,R23
000366 936a      	ST   -Y,R22
000367 93fa      	ST   -Y,R31
000368 93ea      	ST   -Y,R30
000369 9508      	RET
                 
                 __SAVELOCR6:
00036a 935a      	ST   -Y,R21
                 __SAVELOCR5:
00036b 934a      	ST   -Y,R20
                 __SAVELOCR4:
00036c 933a      	ST   -Y,R19
                 __SAVELOCR3:
00036d 932a      	ST   -Y,R18
                 __SAVELOCR2:
00036e 931a      	ST   -Y,R17
00036f 930a      	ST   -Y,R16
000370 9508      	RET
                 
                 __LOADLOCR6:
000371 815d      	LDD  R21,Y+5
                 __LOADLOCR5:
000372 814c      	LDD  R20,Y+4
                 __LOADLOCR4:
000373 813b      	LDD  R19,Y+3
                 __LOADLOCR3:
000374 812a      	LDD  R18,Y+2
                 __LOADLOCR2:
000375 8119      	LDD  R17,Y+1
000376 8108      	LD   R16,Y
000377 9508      	RET
                 
                 ;END OF CODE MARKER
                 __END_OF_CODE:


RESOURCE USE INFORMATION
------------------------

Notice:
The register and instruction counts are symbol table hit counts,
and hence implicitly used resources are not counted, eg, the
'lpm' instruction without operands implicitly uses r0 and z,
none of which are counted.

x,y,z are separate entities in the symbol table and are
counted separately from r26..r31 here.

.dseg memory usage only counts static data declared with .byte

ATmega32 register use summary:
r0 :  11 r1 :   1 r2 :   0 r3 :   0 r4 :   2 r5 :   0 r6 :   4 r7 :   4 
r8 :   0 r9 :   2 r10:   0 r11:   0 r12:   0 r13:   0 r14:   0 r15:   4 
r16:  34 r17:  24 r18:  29 r19:   8 r20:   9 r21:  17 r22:  11 r23:   2 
r24:  25 r25:   3 r26:  99 r27:  38 r28:  14 r29:   1 r30: 189 r31:  59 
x  :  23 y  : 167 z  :  15 
Registers used: 26 out of 35 (74.3%)

ATmega32 instruction use summary:
.lds  :   0 .lds.l:   0 .sts  :   0 .sts.l:   0 adc   :   1 add   :   4 
adiw  :  24 and   :   0 andi  :   6 asr   :   0 bclr  :   0 bld   :   0 
brbc  :   0 brbs  :   0 brcc  :   0 brcs  :   0 break :   0 breq  :  17 
brge  :   0 brhc  :   0 brhs  :   0 brid  :   0 brie  :   0 brlo  :   8 
brlt  :   0 brmi  :   1 brne  :  31 brpl  :   1 brsh  :   2 brtc  :   0 
brts  :   0 brvc  :   0 brvs  :   0 bset  :   0 bst   :   0 call  :  53 
cbi   :   5 cbr   :   0 clc   :   0 clh   :   0 cli   :   1 cln   :   0 
clr   :   7 cls   :   0 clt   :   0 clv   :   0 clz   :   0 com   :   0 
cp    :   4 cpc   :   2 cpi   :  33 cpse  :   0 dec   :   8 des   :   0 
eor   :   0 fmul  :   0 fmuls :   0 fmulsu:   0 icall :   2 ijmp  :   0 
in    :   4 inc   :   2 jmp   :  24 ld    :  26 ldd   :  77 ldi   :  90 
lds   :   0 lpm   :  14 lsl   :   0 lsr   :   0 mov   :  19 movw  :  16 
mul   :   1 muls  :   0 mulsu :   0 neg   :   2 nop   :   0 or    :   1 
ori   :   7 out   :  44 pop   :   1 push  :   1 rcall :  15 ret   :  25 
reti  :   0 rjmp  :  60 rol   :   0 ror   :   0 sbc   :   2 sbci  :   2 
sbi   :   7 sbic  :   0 sbis  :   1 sbiw  :  17 sbr   :   0 sbrc  :   2 
sbrs  :  10 sec   :   0 seh   :   0 sei   :   0 sen   :   0 ser   :   0 
ses   :   0 set   :   0 sev   :   0 sez   :   0 sleep :   0 spm   :   0 
st    :  59 std   :  31 sts   :   2 sub   :   1 subi  :  16 swap  :   1 
tst   :   4 wdr   :   1 
Instructions used: 53 out of 116 (45.7%)

ATmega32 memory use summary [bytes]:
Segment   Begin    End      Code   Data   Used    Size   Use%
---------------------------------------------------------------
[.cseg] 0x000000 0x0006f0   1744     32   1776   32768   5.4%
[.dseg] 0x000060 0x000278      0     24     24    2048   1.2%
[.eseg] 0x000000 0x000000      0      0      0    1024   0.0%

Assembly complete, 0 errors, 6 warnings
